// Copyright (C) 2018 - Dave Gutz
//
// Permission is hereby granted, free of charge, to any person obtaining a copy
// of this software and associated documentation files (the "Software"), to deal
// in the Software without restriction, including without limitation the rights
// to use, copy, modify, merge, publish, distribute, sublicense, and/or sell
// copies of the Software, and to permit persons to whom the Software is
// furnished to do so, subject to the following conditions:
//
// The above copyright notice and this permission notice shall be included in all
// copies or substantial portions of the Software.
//
// THE SOFTWARE IS PROVIDED "AS IS", WITHOUT WARRANTY OF ANY KIND, EXPRESS OR
// IMPLIED, INCLUDING BUT NOT LIMITED TO THE WARRANTIES OF MERCHANTABILITY,
// FITNESS FOR A PARTICULAR PURPOSE AND NONINFRINGEMENT. IN NO EVENT SHALL THE
// AUTHORS OR COPYRIGHT HOLDERS BE LIABLE FOR ANY CLAIM, DAMAGES OR OTHER
// LIABILITY, WHETHER IN AN ACTION OF CONTRACT, TORT OR OTHERWISE, ARISING FROM,
// OUT OF OR IN CONNECTION WITH THE SOFTWARE OR THE USE OR OTHER DEALINGS IN THE
// SOFTWARE.
// Nov 8, 2018 	DA Gutz		Created
// 
// Copyright (C) 2018 - Dave Gutz
//
// Permission is hereby granted, free of charge, to any person obtaining a copy
// of this software and associated documentation files (the "Software"), to deal
// in the Software without restriction, including without limitation the rights
// to use, copy, modify, merge, publish, distribute, sublicense, and/or sell
// copies of the Software, and to permit persons to whom the Software is
// furnished to do so, subject to the following conditions:
//
// The above copyright notice and this permission notice shall be included in all
// copies or substantial portions of the Software.
//
// THE SOFTWARE IS PROVIDED "AS IS", WITHOUT WARRANTY OF ANY KIND, EXPRESS OR
// IMPLIED, INCLUDING BUT NOT LIMITED TO THE WARRANTIES OF MERCHANTABILITY,
// FITNESS FOR A PARTICULAR PURPOSE AND NONINFRINGEMENT. IN NO EVENT SHALL THE
// AUTHORS OR COPYRIGHT HOLDERS BE LIABLE FOR ANY CLAIM, DAMAGES OR OTHER
// LIABILITY, WHETHER IN AN ACTION OF CONTRACT, TORT OR OTHERWISE, ARISING FROM,
// OUT OF OR IN CONNECTION WITH THE SOFTWARE OR THE USE OR OTHER DEALINGS IN THE
// SOFTWARE.
// Sep 26, 2018 	DA Gutz		Created
// 
clear
funcprot(0);
getd('../ControlLib')
mclose('all');
// Load some sample data, assuming data columnar
// Read data
[V_col, C_col, Mnames_col, Mvals_col] = load_xls_data('tests/nonreg_tests/load_xls_data.xls', 'col', 'col sheet')
 Mvals_col  = 
         column 1
!2                                               !
!                                                !
!1                                               !
!                                                !
!3                                               !
!                                                !
!%t                                              !
!                                                !
!%nan                                            !
!                                                !
!"myF"                                           !
!                                                !
!-%inf                                           !
!                                                !
!6                                               !
!                                                !
!8                                               !
!                                                !
!10                                              !
!                                                !
!"my1"                                           !
!                                                !
!%t                                              !
!                                                !
![1 2 3]                                         !
!                                                !
![50; 0.250; 0.025; 0.250; 0.025; 0.250; 0.250]  !
         column 2
!2                                               !
!                                                !
!1                                               !
!                                                !
!3                                               !
!                                                !
!%f                                              !
!                                                !
!%nan                                            !
!                                                !
!"myF"                                           !
!                                                !
!%inf                                            !
!                                                !
!7                                               !
!                                                !
!9                                               !
!                                                !
!11                                              !
!                                                !
!"my2"                                           !
!                                                !
!%f                                              !
!                                                !
![4 5 6]                                         !
!                                                !
![50; 0.250; 0.025; 0.250; 0.025; 0.250; 0.250]  !
         column 3
!2                                               !
!                                                !
!1                                               !
!                                                !
!3                                               !
!                                                !
!%f                                              !
!                                                !
!%nan                                            !
!                                                !
!"myF"                                           !
!                                                !
!%inf                                            !
!                                                !
!7                                               !
!                                                !
!9                                               !
!                                                !
!11                                              !
!                                                !
!"my2"                                           !
!                                                !
!%f                                              !
!                                                !
![7 8 9; 10 11 12]                               !
!                                                !
![50; 0.250; 0.025; 0.250; 0.025; 0.250; 0.250]  !
 Mnames_col  = 
         column 1 to 11
!D.a  D.b  D.c  D.d  D.e  D.f  D.g  E.a  E.b  myVariable  myStrVariable  !
         column 12 to 14
!myBoolVariable  v  vt  !
 C_col  = 
!"// Sample comment, total 2 lines"           !
!                                             !
!"// End of sample comment"                   !
!                                             !
!"// Cannot input multi-dimensional vectors"  !
 V_col  = 
  3x1 struct array with fields:
    D
    E
    myBoolVariable
    myStrVariable
    myVariable
    v
    vt
V_col.v
 ans  =
       ans(1)
   1.   2.   3.
       ans(2)
   4.   5.   6.
       ans(3)
   7.    8.    9. 
   10.   11.   12.
V_col.vt
 ans  =
       ans(1)
   50.
   0.25
   0.025
   0.25
   0.025
   0.25
   0.25
       ans(2)
   50.
   0.25
   0.025
   0.25
   0.025
   0.25
   0.25
       ans(3)
   50.
   0.25
   0.025
   0.25
   0.025
   0.25
   0.25
[V_row, C_row, Mnames_row, Mvals_row] = load_xls_data('tests/nonreg_tests/load_xls_data.xls', 'row', 'row sheet')
 Mvals_row  = 
         column 1 to 13
!2  1  3  %t  %nan  "myF"  -%inf  6  8  10  "my1"  %t  [1 2 3]            !
!   !
!2  1  3  %f  %nan  "myF"  %inf   7  9  11  "my2"  %f  [4 5 6]            !
!   !
!2  1  3  %f  %nan  "myF"  %inf   7  9  11  "my2"  %f  [7 8 9; 10 11 12]  !
         column 14
![50; 0.250; 0.025; 0.250; 0.025; 0.250; 0.250]  !
!                                                !
![50; 0.250; 0.025; 0.250; 0.025; 0.250; 0.250]  !
!                                                !
![50; 0.250; 0.025; 0.250; 0.025; 0.250; 0.250]  !
 Mnames_row  = 
         column 1 to 11
!D.a  D.b  D.c  D.d  D.e  D.f  D.g  E.a  E.b  myVariable  myStrVariable  !
         column 12 to 14
!myBoolVariable  v  vt  !
 C_row  = 
!"// Sample comment, total 2 lines"           !
!                                             !
!"// End of sample comment"                   !
!                                             !
!"// Cannot input multi-dimensional vectors"  !
 V_row  = 
  3x1 struct array with fields:
    D
    E
    myBoolVariable
    myStrVariable
    myVariable
    v
    vt
V_row.v
 ans  =
       ans(1)
   1.   2.   3.
       ans(2)
   4.   5.   6.
       ans(3)
   7.    8.    9. 
   10.   11.   12.
V_row.vt
 ans  =
       ans(1)
   50.
   0.25
   0.025
   0.25
   0.025
   0.25
   0.25
       ans(2)
   50.
   0.25
   0.025
   0.25
   0.025
   0.25
   0.25
       ans(3)
   50.
   0.25
   0.025
   0.25
   0.025
   0.25
   0.25
[fdo, err] = mopen('tests/nonreg_tests/load_xls_data.csv', 'wt');
print_struct(V_col, 'V_col', fdo, ',');
print_struct(V_row, 'V_row', fdo, ',');
mclose(fdo);
mgetl('tests/nonreg_tests/load_xls_data.csv')
 ans  =
!V_col.D.a,V_col.D.b,V_col.D.c,V_col.D.d,V_col.D.e,V_col.D.f,V_col.D.g,!
!V_col.E.a,V_col.E.b,V_col.myBoolVariable,V_col.myStrVariable,V_col.myV!
!ariable,V_col.v,V_col.vt,                                             !
!                                                                      !
!2.0000000000000000,1.0000000000000000,3.0000000000000000,%t,%nan,'myF'!
!,-%inf,6.0000000000000000,8.0000000000000000,%t,'my1',10.0000000000000!
!00,[1.0000000000000000 2.0000000000000000 3.0000000000000000],[50.0000!
!00000000000;0.25000000000000000;0.025000000000000001;0.250000000000000!
!00;0.025000000000000001;0.25000000000000000;0.25000000000000000],     !
!                                                                      !
!2.0000000000000000,1.0000000000000000,3.0000000000000000,%f,%nan,'myF'!
!,%inf,7.0000000000000000,9.0000000000000000,%f,'my2',11.00000000000000!
!0,[4.0000000000000000 5.0000000000000000 6.0000000000000000],[50.00000!
!0000000000;0.25000000000000000;0.025000000000000001;0.2500000000000000!
!0;0.025000000000000001;0.25000000000000000;0.25000000000000000],      !
!                                                                      !
!2.0000000000000000,1.0000000000000000,3.0000000000000000,%f,%nan,'myF'!
!,%inf,7.0000000000000000,9.0000000000000000,%f,'my2',11.00000000000000!
!0,[7.0000000000000000 8.0000000000000000 9.0000000000000000;10.0000000!
!00000000 11.000000000000000 12.000000000000000],[50.000000000000000;0.!
!25000000000000000;0.025000000000000001;0.25000000000000000;0.025000000!
!000000001;0.25000000000000000;0.25000000000000000],                   !
!                                                                      !
!V_row.D.a,V_row.D.b,V_row.D.c,V_row.D.d,V_row.D.e,V_row.D.f,V_row.D.g,!
!V_row.E.a,V_row.E.b,V_row.myBoolVariable,V_row.myStrVariable,V_row.myV!
!ariable,V_row.v,V_row.vt,                                             !
!                                                                      !
!2.0000000000000000,1.0000000000000000,3.0000000000000000,%t,%nan,'myF'!
!,-%inf,6.0000000000000000,8.0000000000000000,%t,'my1',10.0000000000000!
!00,[1.0000000000000000 2.0000000000000000 3.0000000000000000],[50.0000!
!00000000000;0.25000000000000000;0.025000000000000001;0.250000000000000!
!00;0.025000000000000001;0.25000000000000000;0.25000000000000000],     !
!                                                                      !
!2.0000000000000000,1.0000000000000000,3.0000000000000000,%f,%nan,'myF'!
!,%inf,7.0000000000000000,9.0000000000000000,%f,'my2',11.00000000000000!
!0,[4.0000000000000000 5.0000000000000000 6.0000000000000000],[50.00000!
!0000000000;0.25000000000000000;0.025000000000000001;0.2500000000000000!
!0;0.025000000000000001;0.25000000000000000;0.25000000000000000],      !
!                                                                      !
!2.0000000000000000,1.0000000000000000,3.0000000000000000,%f,%nan,'myF'!
!,%inf,7.0000000000000000,9.0000000000000000,%f,'my2',11.00000000000000!
!0,[7.0000000000000000 8.0000000000000000 9.0000000000000000;10.0000000!
!00000000 11.000000000000000 12.000000000000000],[50.000000000000000;0.!
!25000000000000000;0.025000000000000001;0.25000000000000000;0.025000000!
!000000001;0.25000000000000000;0.25000000000000000],                   !
[fdo, err] = mopen('tests/nonreg_tests/load_xls_col_data.csv', 'wt');
print_struct(V_col, 'V', fdo, ',');
mclose(fdo);
[fdo, err] = mopen('tests/nonreg_tests/load_xls_row_data.csv', 'wt');
print_struct(V_row, 'V', fdo, ',');
mclose(fdo);
[flag, errmsg] = assert_checkfilesequal ( 'tests/nonreg_tests/load_xls_col_data.csv' , 'tests/nonreg_tests/load_xls_row_data.csv' );
if ~flag then
    error(errmsg)
end
// Check a real world case
[V_servo, C_servo, Mnames_servo, Mvals_servo] = load_xls_data('tests/nonreg_tests/allServo-PSO_input.xls', 'col');
[fdo, err] = mopen('tests/nonreg_tests/load_xls_real_data.csv', 'wt');
print_struct(V_servo, 'V_servo', fdo, ',');
mclose(fdo);
mgetl('tests/nonreg_tests/load_xls_real_data.csv')
 ans  =
!V_servo.C.dT,V_servo.C.tld1,V_servo.C.tlg1,V_servo.C.tld2,V_servo.C.tl!
!g2,V_servo.C.tldh,V_servo.C.tlgh,V_servo.C.gain,V_servo.G.tehsv1,V_ser!
!vo.G.tehsv2,V_servo.G.gain,V_servo.MU.gm,V_servo.MU.pm,V_servo.MU.pwr,!
!V_servo.MU.tr,V_servo.MU.Mp,V_servo.MU.Mu,V_servo.MU.ts,V_servo.MU.sum!
!,V_servo.MU.invgain,V_servo.P.case_title,V_servo.P.f_min_s,V_servo.P.f!
!_max_s,V_servo.PSO.wmax,V_servo.PSO.wmin,V_servo.PSO.itmax,V_servo.PSO!
!.c1,V_servo.PSO.c2,V_servo.PSO.n_raptor,V_servo.PSO.D,V_servo.PSO.laun!
!chp,V_servo.PSO.speedf,V_servo.PSO.verbosef,V_servo.PSO.boundsmax,V_se!
!rvo.PSO.boundsmin,V_servo.R.gm,V_servo.R.pm,V_servo.R.pwr,V_servo.R.ri!
!se,V_servo.R.settle,V_servo.R.invgain,V_servo.R.tr,V_servo.R.Mp,V_serv!
!o.R.Mu,V_servo.R.ts,V_servo.WC.tr,V_servo.WC.Mp,V_servo.WC.Mu,V_servo.!
!WC.ts,V_servo.WC.sum,V_servo.WC.invgain,V_servo.verbose,              !
!                                                                      !
!0.010000000000000000,0.012999999999999999,0.0089999999999999993,0.0129!
!99999999999999,0.0089999999999999993,0.014999999999999999,0.0080000000!
!000000002,32.600000000000001,0.0070000000000000001,0.01000000000000000!
!0,1.0000000000000000,9.0000000000000000,60.000000000000000,30.00000000!
!0000000,0.050000000000000003,0.14999999999999999,0.14999999999999999,0!
!.20000000000000001,0.00000000000000000,0.033333333333333333,'myAllServ!
!oTestCase',1.0000000000000000,1.0000000000000000,0.90000000000000002,0!
!.40000000000000002,5.0000000000000000,0.69999999999999996,1.4700000000!
!000000,50.000000000000000,7.0000000000000000,0.90000000000000002,[2.00!
!00000000000000 2.0000000000000000],1.0000000000000000,[50.000000000000!
!000;0.25000000000000000;0.025000000000000001;0.25000000000000000;0.025!
!000000000000001;0.25000000000000000;0.25000000000000000],[25.000000000!
!000000;0.00000000000000000;0.0080000000000000002;0.00000000000000000;0!
!.0080000000000000002;0.00000000000000000;0.12500000000000000],6.000000!
!0000000000,45.000000000000000,40.000000000000000,0.94999999999999996,0!
!.020000000000000000,0.033333333333333333,0.070000000000000007,0.100000!
!00000000001,0.050000000000000003,0.20000000000000001,1.000000000000000!
!0,1.0000000000000000,1.0000000000000000,0.20000000000000001,0.00000000!
!000000000,2.0000000000000000,0.00000000000000000,                     !
