// Copyright (C) 2018 - Dave Gutz
//
// Permission is hereby granted, free of charge, to any person obtaining a copy
// of this software and associated documentation files (the "Software"), to deal
// in the Software without restriction, including without limitation the rights
// to use, copy, modify, merge, publish, distribute, sublicense, and/or sell
// copies of the Software, and to permit persons to whom the Software is
// furnished to do so, subject to the following conditions:
//
// The above copyright notice and this permission notice shall be included in all
// copies or substantial portions of the Software.
//
// THE SOFTWARE IS PROVIDED "AS IS", WITHOUT WARRANTY OF ANY KIND, EXPRESS OR
// IMPLIED, INCLUDING BUT NOT LIMITED TO THE WARRANTIES OF MERCHANTABILITY,
// FITNESS FOR A PARTICULAR PURPOSE AND NONINFRINGEMENT. IN NO EVENT SHALL THE
// AUTHORS OR COPYRIGHT HOLDERS BE LIABLE FOR ANY CLAIM, DAMAGES OR OTHER
// LIABILITY, WHETHER IN AN ACTION OF CONTRACT, TORT OR OTHERWISE, ARISING FROM,
// OUT OF OR IN CONNECTION WITH THE SOFTWARE OR THE USE OR OTHER DEALINGS IN THE
// SOFTWARE.
// Sep 26, 2018 	DA Gutz		Created
// 
//mfile2sci('./<mfile>.m', 'C:/Users/Dave/Documents/GitHub/sciDAG/Work_Matlab/Work_Matlab_Initial_Translated/')
// Copy ./Work_Matlab_Initial_Translated/<mfile>.sci to Work_Matlab_Final_Translated/pack_ss.sci and edit it
// run this in Work_Matlab_Final_Translated
clear
funcprot(0);
getd('../Servo')
exec('allServo-PSO_run.sce');
****************Case 1 of 2:
32.60*(0.0130/0.0090)*(0.0130/0.0090)*(0.0150/0.0080):  gm=6.72 dB @ 92.5 r/s.  pm=  62 deg @ 35.8 r/s
tr=0.051 s Mp100= 2.737  Mu100=-5.709  ts=0.243 s
 Init    32.60*(0.0130/0.0090)*(0.0130/0.0090)*(0.0150/0.0080):  6.72/  
 62.2                                                                  Iter #1, Fopt=1.001031e+01, xopt=[32.6 0.013 0.009 0.013 0.009 0.015 0.008]
	Enabling Starcraft Protoss carrier at iteration
	Sending Raptors
	FTL jump not required
Iter #2, Fopt=1.001031e+01, xopt=[32.6 0.013 0.009 0.013 0.009 0.015 0.008]
Iter #3, Fopt=1.001031e+01, xopt=[32.6 0.013 0.009 0.013 0.009 0.015 0.008]
Iter #4, Fopt=1.001031e+01, xopt=[32.6 0.013 0.009 0.013 0.009 0.015 0.008]
xopt= 32.6/0.0130, fopt=9.000000e-03
32.60*(0.0130/0.0090)*(0.0130/0.0090)*(0.0150/0.0080):  gm=6.72 dB @ 92.5 r/s.  pm=  62 deg @ 35.8 r/s
tr=0.051 s Mp100= 2.737  Mu100=-5.709  ts=0.243 s
 Final 32.6*(0.0130/0.0090)*(0.0130/0.0090)*(0.0150/0.0080):  6.7/  62
gm=6.72 dB @ 92.5 r/s.  pm=  62 deg @ 35.8 r/s
****************Case 2 of 2:
32.60*(0.0130/0.0090)*(0.0130/0.0090)*(0.0150/0.0080):  gm=6.72 dB @ 92.5 r/s.  pm=  62 deg @ 35.8 r/s
tr=0.051 s Mp100= 2.737  Mu100=-5.709  ts=0.243 s
 Init    32.60*(0.0130/0.0090)*(0.0130/0.0090)*(0.0150/0.0080):  6.72/  
 62.2                                                                  xopt= 32.6/0.0130, fopt=9.000000e-03
32.60*(0.0130/0.0090)*(0.0130/0.0090)*(0.0150/0.0080):  gm=6.72 dB @ 92.5 r/s.  pm=  62 deg @ 35.8 r/s
tr=0.051 s Mp100= 2.737  Mu100=-5.709  ts=0.243 s
 Final 32.6*(0.0130/0.0090)*(0.0130/0.0090)*(0.0150/0.0080):  6.7/  62
gm=6.72 dB @ 92.5 r/s.  pm=  62 deg @ 35.8 r/s
